  Determining projects to restore...
  All projects are up-to-date for restore.
  IOCv2.Domain -> D:\test\Internship-OneConnect_IOC_v2.0_Backend\IOCv2.Domain\bin\Debug\net9.0\IOCv2.Domain.dll
D:\test\Internship-OneConnect_IOC_v2.0_Backend\IOCv2.Application\Features\Admin\Users\Commands\DeleteAdminUser\DeleteAdminUserHandler.cs(44,119): error CS1026: ) expected [D:\test\Internship-OneConnect_IOC_v2.0_Backend\IOCv2.Application\IOCv2.Application.csproj]

Build FAILED.

D:\test\Internship-OneConnect_IOC_v2.0_Backend\IOCv2.Application\Features\Admin\Users\Commands\DeleteAdminUser\DeleteAdminUserHandler.cs(44,119): error CS1026: ) expected [D:\test\Internship-OneConnect_IOC_v2.0_Backend\IOCv2.Application\IOCv2.Application.csproj]
    0 Warning(s)
    1 Error(s)

Time Elapsed 00:00:01.79

Workload updates are available. Run `dotnet workload list` for more information.
